[1.146s] Invoking command in '/home/nick/smart_factory_ws/build/smart_factory_task_server': PYTHONPATH=/home/nick/smart_factory_ws/build/smart_factory_task_server/prefix_override:/usr/lib/python3/dist-packages/colcon_core/task/python/colcon_distutils_commands:/home/nick/smart_factory_ws/install/smart_factory_task_server/lib/python3.10/site-packages:${PYTHONPATH} /usr/bin/python3 -W ignore:setup.py install is deprecated -W ignore:easy_install command is deprecated setup.py develop --editable --build-directory /home/nick/smart_factory_ws/build/smart_factory_task_server/build --no-deps symlink_data
[1.353s] running develop
[1.492s] running egg_info
[1.492s] creating smart_factory_task_server.egg-info
[1.492s] writing smart_factory_task_server.egg-info/PKG-INFO
[1.492s] writing dependency_links to smart_factory_task_server.egg-info/dependency_links.txt
[1.493s] writing entry points to smart_factory_task_server.egg-info/entry_points.txt
[1.493s] writing requirements to smart_factory_task_server.egg-info/requires.txt
[1.493s] writing top-level names to smart_factory_task_server.egg-info/top_level.txt
[1.493s] writing manifest file 'smart_factory_task_server.egg-info/SOURCES.txt'
[1.494s] reading manifest file 'smart_factory_task_server.egg-info/SOURCES.txt'
[1.495s] writing manifest file 'smart_factory_task_server.egg-info/SOURCES.txt'
[1.496s] running build_ext
[1.496s] Creating /home/nick/smart_factory_ws/install/smart_factory_task_server/lib/python3.10/site-packages/smart-factory-task-server.egg-link (link to .)
[1.497s] 
[1.497s] Installed /home/nick/smart_factory_ws/build/smart_factory_task_server
[1.497s] running symlink_data
[1.497s] creating /home/nick/smart_factory_ws/install/smart_factory_task_server/share/ament_index
[1.497s] creating /home/nick/smart_factory_ws/install/smart_factory_task_server/share/ament_index/resource_index
[1.498s] creating /home/nick/smart_factory_ws/install/smart_factory_task_server/share/ament_index/resource_index/packages
[1.498s] symbolically linking /home/nick/smart_factory_ws/build/smart_factory_task_server/resource/smart_factory_task_server -> /home/nick/smart_factory_ws/install/smart_factory_task_server/share/ament_index/resource_index/packages
[1.498s] symbolically linking /home/nick/smart_factory_ws/build/smart_factory_task_server/package.xml -> /home/nick/smart_factory_ws/install/smart_factory_task_server/share/smart_factory_task_server
[1.520s] Invoked command in '/home/nick/smart_factory_ws/build/smart_factory_task_server' returned '0': PYTHONPATH=/home/nick/smart_factory_ws/build/smart_factory_task_server/prefix_override:/usr/lib/python3/dist-packages/colcon_core/task/python/colcon_distutils_commands:/home/nick/smart_factory_ws/install/smart_factory_task_server/lib/python3.10/site-packages:${PYTHONPATH} /usr/bin/python3 -W ignore:setup.py install is deprecated -W ignore:easy_install command is deprecated setup.py develop --editable --build-directory /home/nick/smart_factory_ws/build/smart_factory_task_server/build --no-deps symlink_data
