[1.144s] Invoking command in '/home/nick/smart_factory_ws/build/smart_factory_ui': PYTHONPATH=/home/nick/smart_factory_ws/build/smart_factory_ui/prefix_override:/usr/lib/python3/dist-packages/colcon_core/task/python/colcon_distutils_commands:/home/nick/smart_factory_ws/install/smart_factory_ui/lib/python3.10/site-packages:${PYTHONPATH} /usr/bin/python3 -W ignore:setup.py install is deprecated -W ignore:easy_install command is deprecated setup.py develop --editable --build-directory /home/nick/smart_factory_ws/build/smart_factory_ui/build --no-deps symlink_data
[1.353s] running develop
[1.493s] running egg_info
[1.493s] creating smart_factory_ui.egg-info
[1.493s] writing smart_factory_ui.egg-info/PKG-INFO
[1.494s] writing dependency_links to smart_factory_ui.egg-info/dependency_links.txt
[1.494s] writing entry points to smart_factory_ui.egg-info/entry_points.txt
[1.494s] writing requirements to smart_factory_ui.egg-info/requires.txt
[1.494s] writing top-level names to smart_factory_ui.egg-info/top_level.txt
[1.494s] writing manifest file 'smart_factory_ui.egg-info/SOURCES.txt'
[1.496s] reading manifest file 'smart_factory_ui.egg-info/SOURCES.txt'
[1.496s] writing manifest file 'smart_factory_ui.egg-info/SOURCES.txt'
[1.497s] running build_ext
[1.497s] Creating /home/nick/smart_factory_ws/install/smart_factory_ui/lib/python3.10/site-packages/smart-factory-ui.egg-link (link to .)
[1.498s] 
[1.498s] Installed /home/nick/smart_factory_ws/build/smart_factory_ui
[1.498s] running symlink_data
[1.498s] creating /home/nick/smart_factory_ws/install/smart_factory_ui/share/ament_index
[1.498s] creating /home/nick/smart_factory_ws/install/smart_factory_ui/share/ament_index/resource_index
[1.498s] creating /home/nick/smart_factory_ws/install/smart_factory_ui/share/ament_index/resource_index/packages
[1.498s] symbolically linking /home/nick/smart_factory_ws/build/smart_factory_ui/resource/smart_factory_ui -> /home/nick/smart_factory_ws/install/smart_factory_ui/share/ament_index/resource_index/packages
[1.498s] symbolically linking /home/nick/smart_factory_ws/build/smart_factory_ui/package.xml -> /home/nick/smart_factory_ws/install/smart_factory_ui/share/smart_factory_ui
[1.522s] Invoked command in '/home/nick/smart_factory_ws/build/smart_factory_ui' returned '0': PYTHONPATH=/home/nick/smart_factory_ws/build/smart_factory_ui/prefix_override:/usr/lib/python3/dist-packages/colcon_core/task/python/colcon_distutils_commands:/home/nick/smart_factory_ws/install/smart_factory_ui/lib/python3.10/site-packages:${PYTHONPATH} /usr/bin/python3 -W ignore:setup.py install is deprecated -W ignore:easy_install command is deprecated setup.py develop --editable --build-directory /home/nick/smart_factory_ws/build/smart_factory_ui/build --no-deps symlink_data
