[0.231s] Invoking command in '/home/nick/smart_factory_ws/build/smart_factory_fleet_msgs': CMAKE_PREFIX_PATH=${CMAKE_PREFIX_PATH}:/home/nick/smart_factory_ws/install/smart_factory_ui:/home/nick/smart_factory_ws/install/smart_factory_task_server:/home/nick/smart_factory_ws/install/smart_factory_bringup:/opt/ros/humble /usr/bin/cmake --build /home/nick/smart_factory_ws/build/smart_factory_fleet_msgs -- -j12 -l12
[0.654s] Invoked command in '/home/nick/smart_factory_ws/build/smart_factory_fleet_msgs' returned '0': CMAKE_PREFIX_PATH=${CMAKE_PREFIX_PATH}:/home/nick/smart_factory_ws/install/smart_factory_ui:/home/nick/smart_factory_ws/install/smart_factory_task_server:/home/nick/smart_factory_ws/install/smart_factory_bringup:/opt/ros/humble /usr/bin/cmake --build /home/nick/smart_factory_ws/build/smart_factory_fleet_msgs -- -j12 -l12
[0.664s] Invoking command in '/home/nick/smart_factory_ws/build/smart_factory_fleet_msgs': CMAKE_PREFIX_PATH=${CMAKE_PREFIX_PATH}:/home/nick/smart_factory_ws/install/smart_factory_ui:/home/nick/smart_factory_ws/install/smart_factory_task_server:/home/nick/smart_factory_ws/install/smart_factory_bringup:/opt/ros/humble /usr/bin/cmake --install /home/nick/smart_factory_ws/build/smart_factory_fleet_msgs
[0.671s] -- Install configuration: ""
[0.672s] -- Execute custom install script
[0.672s] -- Up-to-date symlink: /home/nick/smart_factory_ws/install/smart_factory_fleet_msgs/share/ament_index/resource_index/package_run_dependencies/smart_factory_fleet_msgs
[0.672s] -- Up-to-date symlink: /home/nick/smart_factory_ws/install/smart_factory_fleet_msgs/share/ament_index/resource_index/parent_prefix_path/smart_factory_fleet_msgs
[0.672s] -- Up-to-date symlink: /home/nick/smart_factory_ws/install/smart_factory_fleet_msgs/share/smart_factory_fleet_msgs/environment/ament_prefix_path.sh
[0.672s] -- Up-to-date symlink: /home/nick/smart_factory_ws/install/smart_factory_fleet_msgs/share/smart_factory_fleet_msgs/environment/ament_prefix_path.dsv
[0.673s] -- Up-to-date symlink: /home/nick/smart_factory_ws/install/smart_factory_fleet_msgs/share/smart_factory_fleet_msgs/environment/path.sh
[0.673s] -- Up-to-date symlink: /home/nick/smart_factory_ws/install/smart_factory_fleet_msgs/share/smart_factory_fleet_msgs/environment/path.dsv
[0.673s] -- Up-to-date symlink: /home/nick/smart_factory_ws/install/smart_factory_fleet_msgs/share/smart_factory_fleet_msgs/local_setup.bash
[0.673s] -- Up-to-date symlink: /home/nick/smart_factory_ws/install/smart_factory_fleet_msgs/share/smart_factory_fleet_msgs/local_setup.sh
[0.673s] -- Up-to-date symlink: /home/nick/smart_factory_ws/install/smart_factory_fleet_msgs/share/smart_factory_fleet_msgs/local_setup.zsh
[0.673s] -- Up-to-date symlink: /home/nick/smart_factory_ws/install/smart_factory_fleet_msgs/share/smart_factory_fleet_msgs/local_setup.dsv
[0.673s] -- Symlinking: /home/nick/smart_factory_ws/install/smart_factory_fleet_msgs/share/smart_factory_fleet_msgs/package.dsv
[0.683s] -- Up-to-date symlink: /home/nick/smart_factory_ws/install/smart_factory_fleet_msgs/share/ament_index/resource_index/packages/smart_factory_fleet_msgs
[0.683s] -- Up-to-date symlink: /home/nick/smart_factory_ws/install/smart_factory_fleet_msgs/share/smart_factory_fleet_msgs/cmake/smart_factory_fleet_msgsConfig.cmake
[0.683s] -- Up-to-date symlink: /home/nick/smart_factory_ws/install/smart_factory_fleet_msgs/share/smart_factory_fleet_msgs/cmake/smart_factory_fleet_msgsConfig-version.cmake
[0.683s] -- Up-to-date symlink: /home/nick/smart_factory_ws/install/smart_factory_fleet_msgs/share/smart_factory_fleet_msgs/package.xml
[0.685s] Invoked command in '/home/nick/smart_factory_ws/build/smart_factory_fleet_msgs' returned '0': CMAKE_PREFIX_PATH=${CMAKE_PREFIX_PATH}:/home/nick/smart_factory_ws/install/smart_factory_ui:/home/nick/smart_factory_ws/install/smart_factory_task_server:/home/nick/smart_factory_ws/install/smart_factory_bringup:/opt/ros/humble /usr/bin/cmake --install /home/nick/smart_factory_ws/build/smart_factory_fleet_msgs
