[1.171s] Invoking command in '/home/nick/smart_factory_ws/build/smart_factory_bringup': PYTHONPATH=/home/nick/smart_factory_ws/build/smart_factory_bringup/prefix_override:/usr/lib/python3/dist-packages/colcon_core/task/python/colcon_distutils_commands:/home/nick/smart_factory_ws/install/smart_factory_bringup/lib/python3.10/site-packages:${PYTHONPATH} /usr/bin/python3 -W ignore:setup.py install is deprecated -W ignore:easy_install command is deprecated setup.py develop --editable --build-directory /home/nick/smart_factory_ws/build/smart_factory_bringup/build --no-deps symlink_data
[1.378s] running develop
[1.516s] running egg_info
[1.516s] creating smart_factory_bringup.egg-info
[1.516s] writing smart_factory_bringup.egg-info/PKG-INFO
[1.516s] writing dependency_links to smart_factory_bringup.egg-info/dependency_links.txt
[1.516s] writing entry points to smart_factory_bringup.egg-info/entry_points.txt
[1.516s] writing requirements to smart_factory_bringup.egg-info/requires.txt
[1.516s] writing top-level names to smart_factory_bringup.egg-info/top_level.txt
[1.516s] writing manifest file 'smart_factory_bringup.egg-info/SOURCES.txt'
[1.517s] reading manifest file 'smart_factory_bringup.egg-info/SOURCES.txt'
[1.518s] writing manifest file 'smart_factory_bringup.egg-info/SOURCES.txt'
[1.519s] running build_ext
[1.519s] Creating /home/nick/smart_factory_ws/install/smart_factory_bringup/lib/python3.10/site-packages/smart-factory-bringup.egg-link (link to .)
[1.520s] 
[1.520s] Installed /home/nick/smart_factory_ws/build/smart_factory_bringup
[1.520s] running symlink_data
[1.520s] creating /home/nick/smart_factory_ws/install/smart_factory_bringup/share/ament_index
[1.520s] creating /home/nick/smart_factory_ws/install/smart_factory_bringup/share/ament_index/resource_index
[1.520s] creating /home/nick/smart_factory_ws/install/smart_factory_bringup/share/ament_index/resource_index/packages
[1.520s] symbolically linking /home/nick/smart_factory_ws/build/smart_factory_bringup/resource/smart_factory_bringup -> /home/nick/smart_factory_ws/install/smart_factory_bringup/share/ament_index/resource_index/packages
[1.520s] symbolically linking /home/nick/smart_factory_ws/build/smart_factory_bringup/package.xml -> /home/nick/smart_factory_ws/install/smart_factory_bringup/share/smart_factory_bringup
[1.553s] Invoked command in '/home/nick/smart_factory_ws/build/smart_factory_bringup' returned '0': PYTHONPATH=/home/nick/smart_factory_ws/build/smart_factory_bringup/prefix_override:/usr/lib/python3/dist-packages/colcon_core/task/python/colcon_distutils_commands:/home/nick/smart_factory_ws/install/smart_factory_bringup/lib/python3.10/site-packages:${PYTHONPATH} /usr/bin/python3 -W ignore:setup.py install is deprecated -W ignore:easy_install command is deprecated setup.py develop --editable --build-directory /home/nick/smart_factory_ws/build/smart_factory_bringup/build --no-deps symlink_data
