[0.084s] DEBUG:colcon:Command line arguments: ['/usr/bin/colcon', 'build', '--symlink-install']
[0.084s] DEBUG:colcon:Parsed command line arguments: Namespace(log_base=None, log_level=None, verb_name='build', build_base='build', install_base='install', merge_install=False, symlink_install=True, test_result_base=None, continue_on_error=False, executor='parallel', parallel_workers=12, event_handlers=None, ignore_user_meta=False, metas=['./colcon.meta'], base_paths=['.'], packages_ignore=None, packages_ignore_regex=None, paths=None, packages_up_to=None, packages_up_to_regex=None, packages_above=None, packages_above_and_dependencies=None, packages_above_depth=None, packages_select_by_dep=None, packages_skip_by_dep=None, packages_skip_up_to=None, packages_select_build_failed=False, packages_skip_build_finished=False, packages_select_test_failures=False, packages_skip_test_passed=False, packages_select=None, packages_skip=None, packages_select_regex=None, packages_skip_regex=None, packages_start=None, packages_end=None, allow_overriding=[], cmake_args=None, cmake_target=None, cmake_target_skip_unavailable=False, cmake_clean_cache=False, cmake_clean_first=False, cmake_force_configure=False, ament_cmake_args=None, catkin_cmake_args=None, catkin_skip_building_tests=False, mixin_files=None, mixin=None, verb_parser=<colcon_mixin.mixin.mixin_argument.MixinArgumentDecorator object at 0x7a989a062bf0>, verb_extension=<colcon_core.verb.build.BuildVerb object at 0x7a989a062710>, main=<bound method BuildVerb.main of <colcon_core.verb.build.BuildVerb object at 0x7a989a062710>>, mixin_verb=('build',))
[0.222s] Level 1:colcon.colcon_core.package_discovery:discover_packages(colcon_meta) check parameters
[0.222s] Level 1:colcon.colcon_core.package_discovery:discover_packages(recursive) check parameters
[0.222s] Level 1:colcon.colcon_core.package_discovery:discover_packages(ignore) check parameters
[0.222s] Level 1:colcon.colcon_core.package_discovery:discover_packages(path) check parameters
[0.222s] Level 1:colcon.colcon_core.package_discovery:discover_packages(colcon_meta) discover
[0.222s] Level 1:colcon.colcon_core.package_discovery:discover_packages(recursive) discover
[0.223s] INFO:colcon.colcon_core.package_discovery:Crawling recursively for packages in '/home/nick/smart_factory_ws'
[0.223s] Level 1:colcon.colcon_core.package_identification:_identify(.) by extensions ['ignore', 'ignore_ament_install']
[0.223s] Level 1:colcon.colcon_core.package_identification:_identify(.) by extension 'ignore'
[0.223s] Level 1:colcon.colcon_core.package_identification:_identify(.) by extension 'ignore_ament_install'
[0.223s] Level 1:colcon.colcon_core.package_identification:_identify(.) by extensions ['colcon_pkg']
[0.223s] Level 1:colcon.colcon_core.package_identification:_identify(.) by extension 'colcon_pkg'
[0.223s] Level 1:colcon.colcon_core.package_identification:_identify(.) by extensions ['colcon_meta']
[0.223s] Level 1:colcon.colcon_core.package_identification:_identify(.) by extension 'colcon_meta'
[0.223s] Level 1:colcon.colcon_core.package_identification:_identify(.) by extensions ['ros']
[0.223s] Level 1:colcon.colcon_core.package_identification:_identify(.) by extension 'ros'
[0.231s] Level 1:colcon.colcon_core.package_identification:_identify(.) by extensions ['cmake', 'python']
[0.231s] Level 1:colcon.colcon_core.package_identification:_identify(.) by extension 'cmake'
[0.231s] Level 1:colcon.colcon_core.package_identification:_identify(.) by extension 'python'
[0.231s] Level 1:colcon.colcon_core.package_identification:_identify(.) by extensions ['python_setup_py']
[0.231s] Level 1:colcon.colcon_core.package_identification:_identify(.) by extension 'python_setup_py'
[0.231s] Level 1:colcon.colcon_core.package_identification:_identify(build) by extensions ['ignore', 'ignore_ament_install']
[0.231s] Level 1:colcon.colcon_core.package_identification:_identify(build) by extension 'ignore'
[0.231s] Level 1:colcon.colcon_core.package_identification:_identify(build) ignored
[0.231s] Level 1:colcon.colcon_core.package_identification:_identify(install) by extensions ['ignore', 'ignore_ament_install']
[0.231s] Level 1:colcon.colcon_core.package_identification:_identify(install) by extension 'ignore'
[0.231s] Level 1:colcon.colcon_core.package_identification:_identify(install) ignored
[0.232s] Level 1:colcon.colcon_core.package_identification:_identify(log) by extensions ['ignore', 'ignore_ament_install']
[0.232s] Level 1:colcon.colcon_core.package_identification:_identify(log) by extension 'ignore'
[0.232s] Level 1:colcon.colcon_core.package_identification:_identify(log) ignored
[0.232s] Level 1:colcon.colcon_core.package_identification:_identify(src) by extensions ['ignore', 'ignore_ament_install']
[0.232s] Level 1:colcon.colcon_core.package_identification:_identify(src) by extension 'ignore'
[0.232s] Level 1:colcon.colcon_core.package_identification:_identify(src) by extension 'ignore_ament_install'
[0.232s] Level 1:colcon.colcon_core.package_identification:_identify(src) by extensions ['colcon_pkg']
[0.232s] Level 1:colcon.colcon_core.package_identification:_identify(src) by extension 'colcon_pkg'
[0.232s] Level 1:colcon.colcon_core.package_identification:_identify(src) by extensions ['colcon_meta']
[0.232s] Level 1:colcon.colcon_core.package_identification:_identify(src) by extension 'colcon_meta'
[0.232s] Level 1:colcon.colcon_core.package_identification:_identify(src) by extensions ['ros']
[0.232s] Level 1:colcon.colcon_core.package_identification:_identify(src) by extension 'ros'
[0.232s] Level 1:colcon.colcon_core.package_identification:_identify(src) by extensions ['cmake', 'python']
[0.232s] Level 1:colcon.colcon_core.package_identification:_identify(src) by extension 'cmake'
[0.232s] Level 1:colcon.colcon_core.package_identification:_identify(src) by extension 'python'
[0.232s] Level 1:colcon.colcon_core.package_identification:_identify(src) by extensions ['python_setup_py']
[0.232s] Level 1:colcon.colcon_core.package_identification:_identify(src) by extension 'python_setup_py'
[0.232s] Level 1:colcon.colcon_core.package_identification:_identify(src/smart_factory_bringup) by extensions ['ignore', 'ignore_ament_install']
[0.232s] Level 1:colcon.colcon_core.package_identification:_identify(src/smart_factory_bringup) by extension 'ignore'
[0.232s] Level 1:colcon.colcon_core.package_identification:_identify(src/smart_factory_bringup) by extension 'ignore_ament_install'
[0.232s] Level 1:colcon.colcon_core.package_identification:_identify(src/smart_factory_bringup) by extensions ['colcon_pkg']
[0.232s] Level 1:colcon.colcon_core.package_identification:_identify(src/smart_factory_bringup) by extension 'colcon_pkg'
[0.232s] Level 1:colcon.colcon_core.package_identification:_identify(src/smart_factory_bringup) by extensions ['colcon_meta']
[0.232s] Level 1:colcon.colcon_core.package_identification:_identify(src/smart_factory_bringup) by extension 'colcon_meta'
[0.232s] Level 1:colcon.colcon_core.package_identification:_identify(src/smart_factory_bringup) by extensions ['ros']
[0.232s] Level 1:colcon.colcon_core.package_identification:_identify(src/smart_factory_bringup) by extension 'ros'
[0.234s] DEBUG:colcon.colcon_core.package_identification:Package 'src/smart_factory_bringup' with type 'ros.ament_python' and name 'smart_factory_bringup'
[0.234s] Level 1:colcon.colcon_core.package_identification:_identify(src/smart_factory_fleet_msgs) by extensions ['ignore', 'ignore_ament_install']
[0.234s] Level 1:colcon.colcon_core.package_identification:_identify(src/smart_factory_fleet_msgs) by extension 'ignore'
[0.234s] Level 1:colcon.colcon_core.package_identification:_identify(src/smart_factory_fleet_msgs) by extension 'ignore_ament_install'
[0.234s] Level 1:colcon.colcon_core.package_identification:_identify(src/smart_factory_fleet_msgs) by extensions ['colcon_pkg']
[0.234s] Level 1:colcon.colcon_core.package_identification:_identify(src/smart_factory_fleet_msgs) by extension 'colcon_pkg'
[0.234s] Level 1:colcon.colcon_core.package_identification:_identify(src/smart_factory_fleet_msgs) by extensions ['colcon_meta']
[0.234s] Level 1:colcon.colcon_core.package_identification:_identify(src/smart_factory_fleet_msgs) by extension 'colcon_meta'
[0.234s] Level 1:colcon.colcon_core.package_identification:_identify(src/smart_factory_fleet_msgs) by extensions ['ros']
[0.234s] Level 1:colcon.colcon_core.package_identification:_identify(src/smart_factory_fleet_msgs) by extension 'ros'
[0.235s] DEBUG:colcon.colcon_core.package_identification:Package 'src/smart_factory_fleet_msgs' with type 'ros.ament_cmake' and name 'smart_factory_fleet_msgs'
[0.235s] Level 1:colcon.colcon_core.package_identification:_identify(src/smart_factory_task_server) by extensions ['ignore', 'ignore_ament_install']
[0.235s] Level 1:colcon.colcon_core.package_identification:_identify(src/smart_factory_task_server) by extension 'ignore'
[0.235s] Level 1:colcon.colcon_core.package_identification:_identify(src/smart_factory_task_server) by extension 'ignore_ament_install'
[0.235s] Level 1:colcon.colcon_core.package_identification:_identify(src/smart_factory_task_server) by extensions ['colcon_pkg']
[0.235s] Level 1:colcon.colcon_core.package_identification:_identify(src/smart_factory_task_server) by extension 'colcon_pkg'
[0.235s] Level 1:colcon.colcon_core.package_identification:_identify(src/smart_factory_task_server) by extensions ['colcon_meta']
[0.235s] Level 1:colcon.colcon_core.package_identification:_identify(src/smart_factory_task_server) by extension 'colcon_meta'
[0.235s] Level 1:colcon.colcon_core.package_identification:_identify(src/smart_factory_task_server) by extensions ['ros']
[0.235s] Level 1:colcon.colcon_core.package_identification:_identify(src/smart_factory_task_server) by extension 'ros'
[0.242s] DEBUG:colcon.colcon_core.package_identification:Package 'src/smart_factory_task_server' with type 'ros.ament_python' and name 'smart_factory_task_server'
[0.243s] Level 1:colcon.colcon_core.package_identification:_identify(src/smart_factory_ui) by extensions ['ignore', 'ignore_ament_install']
[0.243s] Level 1:colcon.colcon_core.package_identification:_identify(src/smart_factory_ui) by extension 'ignore'
[0.243s] Level 1:colcon.colcon_core.package_identification:_identify(src/smart_factory_ui) by extension 'ignore_ament_install'
[0.243s] Level 1:colcon.colcon_core.package_identification:_identify(src/smart_factory_ui) by extensions ['colcon_pkg']
[0.243s] Level 1:colcon.colcon_core.package_identification:_identify(src/smart_factory_ui) by extension 'colcon_pkg'
[0.243s] Level 1:colcon.colcon_core.package_identification:_identify(src/smart_factory_ui) by extensions ['colcon_meta']
[0.243s] Level 1:colcon.colcon_core.package_identification:_identify(src/smart_factory_ui) by extension 'colcon_meta'
[0.243s] Level 1:colcon.colcon_core.package_identification:_identify(src/smart_factory_ui) by extensions ['ros']
[0.243s] Level 1:colcon.colcon_core.package_identification:_identify(src/smart_factory_ui) by extension 'ros'
[0.243s] DEBUG:colcon.colcon_core.package_identification:Package 'src/smart_factory_ui' with type 'ros.ament_python' and name 'smart_factory_ui'
[0.243s] Level 1:colcon.colcon_core.package_discovery:discover_packages(recursive) using defaults
[0.243s] Level 1:colcon.colcon_core.package_discovery:discover_packages(ignore) discover
[0.243s] Level 1:colcon.colcon_core.package_discovery:discover_packages(ignore) using defaults
[0.243s] Level 1:colcon.colcon_core.package_discovery:discover_packages(path) discover
[0.243s] Level 1:colcon.colcon_core.package_discovery:discover_packages(path) using defaults
[0.257s] Level 1:colcon.colcon_core.package_discovery:discover_packages(prefix_path) check parameters
[0.258s] Level 1:colcon.colcon_core.package_discovery:discover_packages(prefix_path) discover
[0.259s] DEBUG:colcon.colcon_installed_package_information.package_discovery:Found 4 installed packages in /home/nick/smart_factory_ws/install
[0.260s] DEBUG:colcon.colcon_installed_package_information.package_discovery:Found 9 installed packages in /home/nick/ros2_ws/install
[0.261s] DEBUG:colcon.colcon_installed_package_information.package_discovery:Found 450 installed packages in /opt/ros/humble
[0.263s] Level 1:colcon.colcon_core.package_discovery:discover_packages(prefix_path) using defaults
[0.303s] Level 5:colcon.colcon_core.verb:set package 'smart_factory_bringup' build argument 'cmake_args' from command line to 'None'
[0.303s] Level 5:colcon.colcon_core.verb:set package 'smart_factory_bringup' build argument 'cmake_target' from command line to 'None'
[0.303s] Level 5:colcon.colcon_core.verb:set package 'smart_factory_bringup' build argument 'cmake_target_skip_unavailable' from command line to 'False'
[0.303s] Level 5:colcon.colcon_core.verb:set package 'smart_factory_bringup' build argument 'cmake_clean_cache' from command line to 'False'
[0.303s] Level 5:colcon.colcon_core.verb:set package 'smart_factory_bringup' build argument 'cmake_clean_first' from command line to 'False'
[0.303s] Level 5:colcon.colcon_core.verb:set package 'smart_factory_bringup' build argument 'cmake_force_configure' from command line to 'False'
[0.303s] Level 5:colcon.colcon_core.verb:set package 'smart_factory_bringup' build argument 'ament_cmake_args' from command line to 'None'
[0.303s] Level 5:colcon.colcon_core.verb:set package 'smart_factory_bringup' build argument 'catkin_cmake_args' from command line to 'None'
[0.303s] Level 5:colcon.colcon_core.verb:set package 'smart_factory_bringup' build argument 'catkin_skip_building_tests' from command line to 'False'
[0.303s] DEBUG:colcon.colcon_core.verb:Building package 'smart_factory_bringup' with the following arguments: {'ament_cmake_args': None, 'build_base': '/home/nick/smart_factory_ws/build/smart_factory_bringup', 'catkin_cmake_args': None, 'catkin_skip_building_tests': False, 'cmake_args': None, 'cmake_clean_cache': False, 'cmake_clean_first': False, 'cmake_force_configure': False, 'cmake_target': None, 'cmake_target_skip_unavailable': False, 'install_base': '/home/nick/smart_factory_ws/install/smart_factory_bringup', 'merge_install': False, 'path': '/home/nick/smart_factory_ws/src/smart_factory_bringup', 'symlink_install': True, 'test_result_base': None}
[0.303s] Level 5:colcon.colcon_core.verb:set package 'smart_factory_fleet_msgs' build argument 'cmake_args' from command line to 'None'
[0.303s] Level 5:colcon.colcon_core.verb:set package 'smart_factory_fleet_msgs' build argument 'cmake_target' from command line to 'None'
[0.303s] Level 5:colcon.colcon_core.verb:set package 'smart_factory_fleet_msgs' build argument 'cmake_target_skip_unavailable' from command line to 'False'
[0.303s] Level 5:colcon.colcon_core.verb:set package 'smart_factory_fleet_msgs' build argument 'cmake_clean_cache' from command line to 'False'
[0.303s] Level 5:colcon.colcon_core.verb:set package 'smart_factory_fleet_msgs' build argument 'cmake_clean_first' from command line to 'False'
[0.303s] Level 5:colcon.colcon_core.verb:set package 'smart_factory_fleet_msgs' build argument 'cmake_force_configure' from command line to 'False'
[0.303s] Level 5:colcon.colcon_core.verb:set package 'smart_factory_fleet_msgs' build argument 'ament_cmake_args' from command line to 'None'
[0.303s] Level 5:colcon.colcon_core.verb:set package 'smart_factory_fleet_msgs' build argument 'catkin_cmake_args' from command line to 'None'
[0.303s] Level 5:colcon.colcon_core.verb:set package 'smart_factory_fleet_msgs' build argument 'catkin_skip_building_tests' from command line to 'False'
[0.303s] DEBUG:colcon.colcon_core.verb:Building package 'smart_factory_fleet_msgs' with the following arguments: {'ament_cmake_args': None, 'build_base': '/home/nick/smart_factory_ws/build/smart_factory_fleet_msgs', 'catkin_cmake_args': None, 'catkin_skip_building_tests': False, 'cmake_args': None, 'cmake_clean_cache': False, 'cmake_clean_first': False, 'cmake_force_configure': False, 'cmake_target': None, 'cmake_target_skip_unavailable': False, 'install_base': '/home/nick/smart_factory_ws/install/smart_factory_fleet_msgs', 'merge_install': False, 'path': '/home/nick/smart_factory_ws/src/smart_factory_fleet_msgs', 'symlink_install': True, 'test_result_base': None}
[0.304s] Level 5:colcon.colcon_core.verb:set package 'smart_factory_task_server' build argument 'cmake_args' from command line to 'None'
[0.304s] Level 5:colcon.colcon_core.verb:set package 'smart_factory_task_server' build argument 'cmake_target' from command line to 'None'
[0.304s] Level 5:colcon.colcon_core.verb:set package 'smart_factory_task_server' build argument 'cmake_target_skip_unavailable' from command line to 'False'
[0.304s] Level 5:colcon.colcon_core.verb:set package 'smart_factory_task_server' build argument 'cmake_clean_cache' from command line to 'False'
[0.304s] Level 5:colcon.colcon_core.verb:set package 'smart_factory_task_server' build argument 'cmake_clean_first' from command line to 'False'
[0.304s] Level 5:colcon.colcon_core.verb:set package 'smart_factory_task_server' build argument 'cmake_force_configure' from command line to 'False'
[0.304s] Level 5:colcon.colcon_core.verb:set package 'smart_factory_task_server' build argument 'ament_cmake_args' from command line to 'None'
[0.304s] Level 5:colcon.colcon_core.verb:set package 'smart_factory_task_server' build argument 'catkin_cmake_args' from command line to 'None'
[0.304s] Level 5:colcon.colcon_core.verb:set package 'smart_factory_task_server' build argument 'catkin_skip_building_tests' from command line to 'False'
[0.304s] DEBUG:colcon.colcon_core.verb:Building package 'smart_factory_task_server' with the following arguments: {'ament_cmake_args': None, 'build_base': '/home/nick/smart_factory_ws/build/smart_factory_task_server', 'catkin_cmake_args': None, 'catkin_skip_building_tests': False, 'cmake_args': None, 'cmake_clean_cache': False, 'cmake_clean_first': False, 'cmake_force_configure': False, 'cmake_target': None, 'cmake_target_skip_unavailable': False, 'install_base': '/home/nick/smart_factory_ws/install/smart_factory_task_server', 'merge_install': False, 'path': '/home/nick/smart_factory_ws/src/smart_factory_task_server', 'symlink_install': True, 'test_result_base': None}
[0.304s] Level 5:colcon.colcon_core.verb:set package 'smart_factory_ui' build argument 'cmake_args' from command line to 'None'
[0.304s] Level 5:colcon.colcon_core.verb:set package 'smart_factory_ui' build argument 'cmake_target' from command line to 'None'
[0.304s] Level 5:colcon.colcon_core.verb:set package 'smart_factory_ui' build argument 'cmake_target_skip_unavailable' from command line to 'False'
[0.304s] Level 5:colcon.colcon_core.verb:set package 'smart_factory_ui' build argument 'cmake_clean_cache' from command line to 'False'
[0.304s] Level 5:colcon.colcon_core.verb:set package 'smart_factory_ui' build argument 'cmake_clean_first' from command line to 'False'
[0.304s] Level 5:colcon.colcon_core.verb:set package 'smart_factory_ui' build argument 'cmake_force_configure' from command line to 'False'
[0.304s] Level 5:colcon.colcon_core.verb:set package 'smart_factory_ui' build argument 'ament_cmake_args' from command line to 'None'
[0.304s] Level 5:colcon.colcon_core.verb:set package 'smart_factory_ui' build argument 'catkin_cmake_args' from command line to 'None'
[0.304s] Level 5:colcon.colcon_core.verb:set package 'smart_factory_ui' build argument 'catkin_skip_building_tests' from command line to 'False'
[0.304s] DEBUG:colcon.colcon_core.verb:Building package 'smart_factory_ui' with the following arguments: {'ament_cmake_args': None, 'build_base': '/home/nick/smart_factory_ws/build/smart_factory_ui', 'catkin_cmake_args': None, 'catkin_skip_building_tests': False, 'cmake_args': None, 'cmake_clean_cache': False, 'cmake_clean_first': False, 'cmake_force_configure': False, 'cmake_target': None, 'cmake_target_skip_unavailable': False, 'install_base': '/home/nick/smart_factory_ws/install/smart_factory_ui', 'merge_install': False, 'path': '/home/nick/smart_factory_ws/src/smart_factory_ui', 'symlink_install': True, 'test_result_base': None}
[0.304s] INFO:colcon.colcon_core.executor:Executing jobs using 'parallel' executor
[0.305s] DEBUG:colcon.colcon_parallel_executor.executor.parallel:run_until_complete
[0.305s] INFO:colcon.colcon_ros.task.ament_python.build:Building ROS package in '/home/nick/smart_factory_ws/src/smart_factory_bringup' with build type 'ament_python'
[0.305s] Level 1:colcon.colcon_core.shell:create_environment_hook('smart_factory_bringup', 'ament_prefix_path')
[0.307s] INFO:colcon.colcon_core.plugin_system:Skipping extension 'colcon_core.shell.bat': Not used on non-Windows systems
[0.307s] INFO:colcon.colcon_core.shell:Creating environment hook '/home/nick/smart_factory_ws/install/smart_factory_bringup/share/smart_factory_bringup/hook/ament_prefix_path.ps1'
[0.308s] INFO:colcon.colcon_core.shell:Creating environment descriptor '/home/nick/smart_factory_ws/install/smart_factory_bringup/share/smart_factory_bringup/hook/ament_prefix_path.dsv'
[0.309s] INFO:colcon.colcon_core.shell:Creating environment hook '/home/nick/smart_factory_ws/install/smart_factory_bringup/share/smart_factory_bringup/hook/ament_prefix_path.sh'
[0.309s] INFO:colcon.colcon_core.shell:Skip shell extension 'powershell' for command environment: Not usable outside of PowerShell
[0.309s] DEBUG:colcon.colcon_core.shell:Skip shell extension 'dsv' for command environment
[0.313s] INFO:colcon.colcon_ros.task.ament_cmake.build:Building ROS package in '/home/nick/smart_factory_ws/src/smart_factory_fleet_msgs' with build type 'ament_cmake'
[0.314s] INFO:colcon.colcon_cmake.task.cmake.build:Building CMake package in '/home/nick/smart_factory_ws/src/smart_factory_fleet_msgs'
[0.314s] INFO:colcon.colcon_core.shell:Skip shell extension 'powershell' for command environment: Not usable outside of PowerShell
[0.314s] DEBUG:colcon.colcon_core.shell:Skip shell extension 'dsv' for command environment
[0.318s] INFO:colcon.colcon_ros.task.ament_python.build:Building ROS package in '/home/nick/smart_factory_ws/src/smart_factory_task_server' with build type 'ament_python'
[0.318s] Level 1:colcon.colcon_core.shell:create_environment_hook('smart_factory_task_server', 'ament_prefix_path')
[0.318s] INFO:colcon.colcon_core.shell:Creating environment hook '/home/nick/smart_factory_ws/install/smart_factory_task_server/share/smart_factory_task_server/hook/ament_prefix_path.ps1'
[0.319s] INFO:colcon.colcon_core.shell:Creating environment descriptor '/home/nick/smart_factory_ws/install/smart_factory_task_server/share/smart_factory_task_server/hook/ament_prefix_path.dsv'
[0.319s] INFO:colcon.colcon_core.shell:Creating environment hook '/home/nick/smart_factory_ws/install/smart_factory_task_server/share/smart_factory_task_server/hook/ament_prefix_path.sh'
[0.320s] INFO:colcon.colcon_core.shell:Skip shell extension 'powershell' for command environment: Not usable outside of PowerShell
[0.320s] DEBUG:colcon.colcon_core.shell:Skip shell extension 'dsv' for command environment
[0.324s] INFO:colcon.colcon_ros.task.ament_python.build:Building ROS package in '/home/nick/smart_factory_ws/src/smart_factory_ui' with build type 'ament_python'
[0.325s] Level 1:colcon.colcon_core.shell:create_environment_hook('smart_factory_ui', 'ament_prefix_path')
[0.325s] INFO:colcon.colcon_core.shell:Creating environment hook '/home/nick/smart_factory_ws/install/smart_factory_ui/share/smart_factory_ui/hook/ament_prefix_path.ps1'
[0.325s] INFO:colcon.colcon_core.shell:Creating environment descriptor '/home/nick/smart_factory_ws/install/smart_factory_ui/share/smart_factory_ui/hook/ament_prefix_path.dsv'
[0.326s] INFO:colcon.colcon_core.shell:Creating environment hook '/home/nick/smart_factory_ws/install/smart_factory_ui/share/smart_factory_ui/hook/ament_prefix_path.sh'
[0.326s] INFO:colcon.colcon_core.shell:Skip shell extension 'powershell' for command environment: Not usable outside of PowerShell
[0.326s] DEBUG:colcon.colcon_core.shell:Skip shell extension 'dsv' for command environment
[0.538s] INFO:colcon.colcon_core.task.python.build:Building Python package in '/home/nick/smart_factory_ws/src/smart_factory_bringup'
[0.539s] INFO:colcon.colcon_core.shell:Skip shell extension 'powershell' for command environment: Not usable outside of PowerShell
[0.539s] DEBUG:colcon.colcon_core.shell:Skip shell extension 'dsv' for command environment
[0.545s] DEBUG:colcon.colcon_core.event_handler.log_command:Invoking command in '/home/nick/smart_factory_ws/build/smart_factory_fleet_msgs': CMAKE_PREFIX_PATH=${CMAKE_PREFIX_PATH}:/home/nick/smart_factory_ws/install/smart_factory_ui:/home/nick/smart_factory_ws/install/smart_factory_task_server:/home/nick/smart_factory_ws/install/smart_factory_bringup:/opt/ros/humble /usr/bin/cmake --build /home/nick/smart_factory_ws/build/smart_factory_fleet_msgs -- -j12 -l12
[0.748s] INFO:colcon.colcon_core.task.python.build:Building Python package in '/home/nick/smart_factory_ws/src/smart_factory_task_server'
[0.748s] INFO:colcon.colcon_core.shell:Skip shell extension 'powershell' for command environment: Not usable outside of PowerShell
[0.748s] DEBUG:colcon.colcon_core.shell:Skip shell extension 'dsv' for command environment
[0.962s] INFO:colcon.colcon_core.task.python.build:Building Python package in '/home/nick/smart_factory_ws/src/smart_factory_ui'
[0.963s] INFO:colcon.colcon_core.shell:Skip shell extension 'powershell' for command environment: Not usable outside of PowerShell
[0.963s] DEBUG:colcon.colcon_core.shell:Skip shell extension 'dsv' for command environment
[0.968s] DEBUG:colcon.colcon_core.event_handler.log_command:Invoked command in '/home/nick/smart_factory_ws/build/smart_factory_fleet_msgs' returned '0': CMAKE_PREFIX_PATH=${CMAKE_PREFIX_PATH}:/home/nick/smart_factory_ws/install/smart_factory_ui:/home/nick/smart_factory_ws/install/smart_factory_task_server:/home/nick/smart_factory_ws/install/smart_factory_bringup:/opt/ros/humble /usr/bin/cmake --build /home/nick/smart_factory_ws/build/smart_factory_fleet_msgs -- -j12 -l12
[0.978s] DEBUG:colcon.colcon_core.event_handler.log_command:Invoking command in '/home/nick/smart_factory_ws/build/smart_factory_fleet_msgs': CMAKE_PREFIX_PATH=${CMAKE_PREFIX_PATH}:/home/nick/smart_factory_ws/install/smart_factory_ui:/home/nick/smart_factory_ws/install/smart_factory_task_server:/home/nick/smart_factory_ws/install/smart_factory_bringup:/opt/ros/humble /usr/bin/cmake --install /home/nick/smart_factory_ws/build/smart_factory_fleet_msgs
[0.999s] Level 1:colcon.colcon_core.environment:create_environment_scripts_only(smart_factory_fleet_msgs)
[0.999s] DEBUG:colcon.colcon_core.event_handler.log_command:Invoked command in '/home/nick/smart_factory_ws/build/smart_factory_fleet_msgs' returned '0': CMAKE_PREFIX_PATH=${CMAKE_PREFIX_PATH}:/home/nick/smart_factory_ws/install/smart_factory_ui:/home/nick/smart_factory_ws/install/smart_factory_task_server:/home/nick/smart_factory_ws/install/smart_factory_bringup:/opt/ros/humble /usr/bin/cmake --install /home/nick/smart_factory_ws/build/smart_factory_fleet_msgs
[1.001s] Level 1:colcon.colcon_core.environment:checking '/home/nick/smart_factory_ws/install/smart_factory_fleet_msgs' for CMake module files
[1.001s] Level 1:colcon.colcon_core.environment:checking '/home/nick/smart_factory_ws/install/smart_factory_fleet_msgs' for CMake config files
[1.002s] Level 1:colcon.colcon_core.shell:create_environment_hook('smart_factory_fleet_msgs', 'cmake_prefix_path')
[1.002s] INFO:colcon.colcon_core.shell:Creating environment hook '/home/nick/smart_factory_ws/install/smart_factory_fleet_msgs/share/smart_factory_fleet_msgs/hook/cmake_prefix_path.ps1'
[1.002s] INFO:colcon.colcon_core.shell:Creating environment descriptor '/home/nick/smart_factory_ws/install/smart_factory_fleet_msgs/share/smart_factory_fleet_msgs/hook/cmake_prefix_path.dsv'
[1.003s] INFO:colcon.colcon_core.shell:Creating environment hook '/home/nick/smart_factory_ws/install/smart_factory_fleet_msgs/share/smart_factory_fleet_msgs/hook/cmake_prefix_path.sh'
[1.003s] Level 1:colcon.colcon_core.environment:checking '/home/nick/smart_factory_ws/install/smart_factory_fleet_msgs/bin'
[1.003s] Level 1:colcon.colcon_core.environment:checking '/home/nick/smart_factory_ws/install/smart_factory_fleet_msgs/lib/pkgconfig/smart_factory_fleet_msgs.pc'
[1.004s] Level 1:colcon.colcon_core.environment:checking '/home/nick/smart_factory_ws/install/smart_factory_fleet_msgs/lib/python3.10/site-packages'
[1.004s] Level 1:colcon.colcon_core.environment:checking '/home/nick/smart_factory_ws/install/smart_factory_fleet_msgs/bin'
[1.004s] INFO:colcon.colcon_core.shell:Creating package script '/home/nick/smart_factory_ws/install/smart_factory_fleet_msgs/share/smart_factory_fleet_msgs/package.ps1'
[1.005s] INFO:colcon.colcon_core.shell:Creating package descriptor '/home/nick/smart_factory_ws/install/smart_factory_fleet_msgs/share/smart_factory_fleet_msgs/package.dsv'
[1.005s] INFO:colcon.colcon_core.shell:Creating package script '/home/nick/smart_factory_ws/install/smart_factory_fleet_msgs/share/smart_factory_fleet_msgs/package.sh'
[1.006s] INFO:colcon.colcon_core.shell:Creating package script '/home/nick/smart_factory_ws/install/smart_factory_fleet_msgs/share/smart_factory_fleet_msgs/package.bash'
[1.006s] INFO:colcon.colcon_core.shell:Creating package script '/home/nick/smart_factory_ws/install/smart_factory_fleet_msgs/share/smart_factory_fleet_msgs/package.zsh'
[1.007s] Level 1:colcon.colcon_core.environment:create_file_with_runtime_dependencies(/home/nick/smart_factory_ws/install/smart_factory_fleet_msgs/share/colcon-core/packages/smart_factory_fleet_msgs)
[1.007s] Level 1:colcon.colcon_core.environment:create_environment_scripts_only(smart_factory_fleet_msgs)
[1.008s] Level 1:colcon.colcon_core.environment:checking '/home/nick/smart_factory_ws/install/smart_factory_fleet_msgs' for CMake module files
[1.008s] Level 1:colcon.colcon_core.environment:checking '/home/nick/smart_factory_ws/install/smart_factory_fleet_msgs' for CMake config files
[1.008s] Level 1:colcon.colcon_core.shell:create_environment_hook('smart_factory_fleet_msgs', 'cmake_prefix_path')
[1.008s] INFO:colcon.colcon_core.shell:Creating environment hook '/home/nick/smart_factory_ws/install/smart_factory_fleet_msgs/share/smart_factory_fleet_msgs/hook/cmake_prefix_path.ps1'
[1.009s] INFO:colcon.colcon_core.shell:Creating environment descriptor '/home/nick/smart_factory_ws/install/smart_factory_fleet_msgs/share/smart_factory_fleet_msgs/hook/cmake_prefix_path.dsv'
[1.009s] INFO:colcon.colcon_core.shell:Creating environment hook '/home/nick/smart_factory_ws/install/smart_factory_fleet_msgs/share/smart_factory_fleet_msgs/hook/cmake_prefix_path.sh'
[1.010s] Level 1:colcon.colcon_core.environment:checking '/home/nick/smart_factory_ws/install/smart_factory_fleet_msgs/bin'
[1.010s] Level 1:colcon.colcon_core.environment:checking '/home/nick/smart_factory_ws/install/smart_factory_fleet_msgs/lib/pkgconfig/smart_factory_fleet_msgs.pc'
[1.010s] Level 1:colcon.colcon_core.environment:checking '/home/nick/smart_factory_ws/install/smart_factory_fleet_msgs/lib/python3.10/site-packages'
[1.010s] Level 1:colcon.colcon_core.environment:checking '/home/nick/smart_factory_ws/install/smart_factory_fleet_msgs/bin'
[1.010s] INFO:colcon.colcon_core.shell:Creating package script '/home/nick/smart_factory_ws/install/smart_factory_fleet_msgs/share/smart_factory_fleet_msgs/package.ps1'
[1.011s] INFO:colcon.colcon_core.shell:Creating package descriptor '/home/nick/smart_factory_ws/install/smart_factory_fleet_msgs/share/smart_factory_fleet_msgs/package.dsv'
[1.011s] INFO:colcon.colcon_core.shell:Creating package script '/home/nick/smart_factory_ws/install/smart_factory_fleet_msgs/share/smart_factory_fleet_msgs/package.sh'
[1.012s] INFO:colcon.colcon_core.shell:Creating package script '/home/nick/smart_factory_ws/install/smart_factory_fleet_msgs/share/smart_factory_fleet_msgs/package.bash'
[1.012s] INFO:colcon.colcon_core.shell:Creating package script '/home/nick/smart_factory_ws/install/smart_factory_fleet_msgs/share/smart_factory_fleet_msgs/package.zsh'
[1.013s] Level 1:colcon.colcon_core.environment:create_file_with_runtime_dependencies(/home/nick/smart_factory_ws/install/smart_factory_fleet_msgs/share/colcon-core/packages/smart_factory_fleet_msgs)
[1.295s] DEBUG:colcon.colcon_core.event_handler.log_command:Invoking command in '/home/nick/smart_factory_ws/build/smart_factory_bringup': PYTHONPATH=/home/nick/smart_factory_ws/build/smart_factory_bringup/prefix_override:/usr/lib/python3/dist-packages/colcon_core/task/python/colcon_distutils_commands:/home/nick/smart_factory_ws/install/smart_factory_bringup/lib/python3.10/site-packages:${PYTHONPATH} /usr/bin/python3 -W ignore:setup.py install is deprecated -W ignore:easy_install command is deprecated setup.py develop --editable --build-directory /home/nick/smart_factory_ws/build/smart_factory_bringup/build --no-deps symlink_data
[1.296s] DEBUG:colcon.colcon_core.event_handler.log_command:Invoking command in '/home/nick/smart_factory_ws/build/smart_factory_ui': PYTHONPATH=/home/nick/smart_factory_ws/build/smart_factory_ui/prefix_override:/usr/lib/python3/dist-packages/colcon_core/task/python/colcon_distutils_commands:/home/nick/smart_factory_ws/install/smart_factory_ui/lib/python3.10/site-packages:${PYTHONPATH} /usr/bin/python3 -W ignore:setup.py install is deprecated -W ignore:easy_install command is deprecated setup.py develop --editable --build-directory /home/nick/smart_factory_ws/build/smart_factory_ui/build --no-deps symlink_data
[1.298s] DEBUG:colcon.colcon_core.event_handler.log_command:Invoking command in '/home/nick/smart_factory_ws/build/smart_factory_task_server': PYTHONPATH=/home/nick/smart_factory_ws/build/smart_factory_task_server/prefix_override:/usr/lib/python3/dist-packages/colcon_core/task/python/colcon_distutils_commands:/home/nick/smart_factory_ws/install/smart_factory_task_server/lib/python3.10/site-packages:${PYTHONPATH} /usr/bin/python3 -W ignore:setup.py install is deprecated -W ignore:easy_install command is deprecated setup.py develop --editable --build-directory /home/nick/smart_factory_ws/build/smart_factory_task_server/build --no-deps symlink_data
[1.781s] Level 1:colcon.colcon_core.shell:create_environment_hook('smart_factory_bringup', 'pythonpath_develop')
[1.781s] INFO:colcon.colcon_core.shell:Creating environment hook '/home/nick/smart_factory_ws/build/smart_factory_bringup/share/smart_factory_bringup/hook/pythonpath_develop.ps1'
[1.783s] DEBUG:colcon.colcon_core.event_handler.log_command:Invoked command in '/home/nick/smart_factory_ws/build/smart_factory_bringup' returned '0': PYTHONPATH=/home/nick/smart_factory_ws/build/smart_factory_bringup/prefix_override:/usr/lib/python3/dist-packages/colcon_core/task/python/colcon_distutils_commands:/home/nick/smart_factory_ws/install/smart_factory_bringup/lib/python3.10/site-packages:${PYTHONPATH} /usr/bin/python3 -W ignore:setup.py install is deprecated -W ignore:easy_install command is deprecated setup.py develop --editable --build-directory /home/nick/smart_factory_ws/build/smart_factory_bringup/build --no-deps symlink_data
[1.783s] INFO:colcon.colcon_core.shell:Creating environment descriptor '/home/nick/smart_factory_ws/build/smart_factory_bringup/share/smart_factory_bringup/hook/pythonpath_develop.dsv'
[1.784s] INFO:colcon.colcon_core.shell:Creating environment hook '/home/nick/smart_factory_ws/build/smart_factory_bringup/share/smart_factory_bringup/hook/pythonpath_develop.sh'
[1.784s] Level 1:colcon.colcon_core.environment:checking '/home/nick/smart_factory_ws/install/smart_factory_bringup' for CMake module files
[1.785s] Level 1:colcon.colcon_core.environment:checking '/home/nick/smart_factory_ws/install/smart_factory_bringup' for CMake config files
[1.785s] Level 1:colcon.colcon_core.environment:checking '/home/nick/smart_factory_ws/install/smart_factory_bringup/lib'
[1.785s] Level 1:colcon.colcon_core.environment:checking '/home/nick/smart_factory_ws/install/smart_factory_bringup/bin'
[1.785s] Level 1:colcon.colcon_core.environment:checking '/home/nick/smart_factory_ws/install/smart_factory_bringup/lib/pkgconfig/smart_factory_bringup.pc'
[1.785s] Level 1:colcon.colcon_core.environment:checking '/home/nick/smart_factory_ws/install/smart_factory_bringup/lib/python3.10/site-packages'
[1.785s] Level 1:colcon.colcon_core.shell:create_environment_hook('smart_factory_bringup', 'pythonpath')
[1.786s] INFO:colcon.colcon_core.shell:Creating environment hook '/home/nick/smart_factory_ws/install/smart_factory_bringup/share/smart_factory_bringup/hook/pythonpath.ps1'
[1.786s] INFO:colcon.colcon_core.shell:Creating environment descriptor '/home/nick/smart_factory_ws/install/smart_factory_bringup/share/smart_factory_bringup/hook/pythonpath.dsv'
[1.786s] INFO:colcon.colcon_core.shell:Creating environment hook '/home/nick/smart_factory_ws/install/smart_factory_bringup/share/smart_factory_bringup/hook/pythonpath.sh'
[1.787s] Level 1:colcon.colcon_core.environment:checking '/home/nick/smart_factory_ws/install/smart_factory_bringup/bin'
[1.787s] Level 1:colcon.colcon_core.environment:create_environment_scripts_only(smart_factory_bringup)
[1.787s] INFO:colcon.colcon_core.shell:Creating package script '/home/nick/smart_factory_ws/install/smart_factory_bringup/share/smart_factory_bringup/package.ps1'
[1.788s] INFO:colcon.colcon_core.shell:Creating package descriptor '/home/nick/smart_factory_ws/install/smart_factory_bringup/share/smart_factory_bringup/package.dsv'
[1.789s] INFO:colcon.colcon_core.shell:Creating package script '/home/nick/smart_factory_ws/install/smart_factory_bringup/share/smart_factory_bringup/package.sh'
[1.789s] INFO:colcon.colcon_core.shell:Creating package script '/home/nick/smart_factory_ws/install/smart_factory_bringup/share/smart_factory_bringup/package.bash'
[1.789s] INFO:colcon.colcon_core.shell:Creating package script '/home/nick/smart_factory_ws/install/smart_factory_bringup/share/smart_factory_bringup/package.zsh'
[1.790s] Level 1:colcon.colcon_core.environment:create_file_with_runtime_dependencies(/home/nick/smart_factory_ws/install/smart_factory_bringup/share/colcon-core/packages/smart_factory_bringup)
[1.797s] Level 1:colcon.colcon_core.shell:create_environment_hook('smart_factory_ui', 'pythonpath_develop')
[1.798s] INFO:colcon.colcon_core.shell:Creating environment hook '/home/nick/smart_factory_ws/build/smart_factory_ui/share/smart_factory_ui/hook/pythonpath_develop.ps1'
[1.798s] DEBUG:colcon.colcon_core.event_handler.log_command:Invoked command in '/home/nick/smart_factory_ws/build/smart_factory_ui' returned '0': PYTHONPATH=/home/nick/smart_factory_ws/build/smart_factory_ui/prefix_override:/usr/lib/python3/dist-packages/colcon_core/task/python/colcon_distutils_commands:/home/nick/smart_factory_ws/install/smart_factory_ui/lib/python3.10/site-packages:${PYTHONPATH} /usr/bin/python3 -W ignore:setup.py install is deprecated -W ignore:easy_install command is deprecated setup.py develop --editable --build-directory /home/nick/smart_factory_ws/build/smart_factory_ui/build --no-deps symlink_data
[1.799s] INFO:colcon.colcon_core.shell:Creating environment descriptor '/home/nick/smart_factory_ws/build/smart_factory_ui/share/smart_factory_ui/hook/pythonpath_develop.dsv'
[1.799s] INFO:colcon.colcon_core.shell:Creating environment hook '/home/nick/smart_factory_ws/build/smart_factory_ui/share/smart_factory_ui/hook/pythonpath_develop.sh'
[1.800s] Level 1:colcon.colcon_core.environment:checking '/home/nick/smart_factory_ws/install/smart_factory_ui' for CMake module files
[1.800s] Level 1:colcon.colcon_core.environment:checking '/home/nick/smart_factory_ws/install/smart_factory_ui' for CMake config files
[1.800s] Level 1:colcon.colcon_core.environment:checking '/home/nick/smart_factory_ws/install/smart_factory_ui/lib'
[1.800s] Level 1:colcon.colcon_core.environment:checking '/home/nick/smart_factory_ws/install/smart_factory_ui/bin'
[1.800s] Level 1:colcon.colcon_core.environment:checking '/home/nick/smart_factory_ws/install/smart_factory_ui/lib/pkgconfig/smart_factory_ui.pc'
[1.801s] Level 1:colcon.colcon_core.environment:checking '/home/nick/smart_factory_ws/install/smart_factory_ui/lib/python3.10/site-packages'
[1.801s] Level 1:colcon.colcon_core.shell:create_environment_hook('smart_factory_ui', 'pythonpath')
[1.801s] INFO:colcon.colcon_core.shell:Creating environment hook '/home/nick/smart_factory_ws/install/smart_factory_ui/share/smart_factory_ui/hook/pythonpath.ps1'
[1.801s] INFO:colcon.colcon_core.shell:Creating environment descriptor '/home/nick/smart_factory_ws/install/smart_factory_ui/share/smart_factory_ui/hook/pythonpath.dsv'
[1.802s] INFO:colcon.colcon_core.shell:Creating environment hook '/home/nick/smart_factory_ws/install/smart_factory_ui/share/smart_factory_ui/hook/pythonpath.sh'
[1.802s] Level 1:colcon.colcon_core.environment:checking '/home/nick/smart_factory_ws/install/smart_factory_ui/bin'
[1.802s] Level 1:colcon.colcon_core.environment:create_environment_scripts_only(smart_factory_ui)
[1.803s] INFO:colcon.colcon_core.shell:Creating package script '/home/nick/smart_factory_ws/install/smart_factory_ui/share/smart_factory_ui/package.ps1'
[1.803s] INFO:colcon.colcon_core.shell:Creating package descriptor '/home/nick/smart_factory_ws/install/smart_factory_ui/share/smart_factory_ui/package.dsv'
[1.804s] INFO:colcon.colcon_core.shell:Creating package script '/home/nick/smart_factory_ws/install/smart_factory_ui/share/smart_factory_ui/package.sh'
[1.804s] INFO:colcon.colcon_core.shell:Creating package script '/home/nick/smart_factory_ws/install/smart_factory_ui/share/smart_factory_ui/package.bash'
[1.804s] INFO:colcon.colcon_core.shell:Creating package script '/home/nick/smart_factory_ws/install/smart_factory_ui/share/smart_factory_ui/package.zsh'
[1.805s] Level 1:colcon.colcon_core.environment:create_file_with_runtime_dependencies(/home/nick/smart_factory_ws/install/smart_factory_ui/share/colcon-core/packages/smart_factory_ui)
[1.807s] Level 1:colcon.colcon_core.shell:create_environment_hook('smart_factory_task_server', 'pythonpath_develop')
[1.807s] INFO:colcon.colcon_core.shell:Creating environment hook '/home/nick/smart_factory_ws/build/smart_factory_task_server/share/smart_factory_task_server/hook/pythonpath_develop.ps1'
[1.807s] DEBUG:colcon.colcon_core.event_handler.log_command:Invoked command in '/home/nick/smart_factory_ws/build/smart_factory_task_server' returned '0': PYTHONPATH=/home/nick/smart_factory_ws/build/smart_factory_task_server/prefix_override:/usr/lib/python3/dist-packages/colcon_core/task/python/colcon_distutils_commands:/home/nick/smart_factory_ws/install/smart_factory_task_server/lib/python3.10/site-packages:${PYTHONPATH} /usr/bin/python3 -W ignore:setup.py install is deprecated -W ignore:easy_install command is deprecated setup.py develop --editable --build-directory /home/nick/smart_factory_ws/build/smart_factory_task_server/build --no-deps symlink_data
[1.808s] INFO:colcon.colcon_core.shell:Creating environment descriptor '/home/nick/smart_factory_ws/build/smart_factory_task_server/share/smart_factory_task_server/hook/pythonpath_develop.dsv'
[1.808s] INFO:colcon.colcon_core.shell:Creating environment hook '/home/nick/smart_factory_ws/build/smart_factory_task_server/share/smart_factory_task_server/hook/pythonpath_develop.sh'
[1.809s] Level 1:colcon.colcon_core.environment:checking '/home/nick/smart_factory_ws/install/smart_factory_task_server' for CMake module files
[1.809s] Level 1:colcon.colcon_core.environment:checking '/home/nick/smart_factory_ws/install/smart_factory_task_server' for CMake config files
[1.809s] Level 1:colcon.colcon_core.environment:checking '/home/nick/smart_factory_ws/install/smart_factory_task_server/lib'
[1.809s] Level 1:colcon.colcon_core.environment:checking '/home/nick/smart_factory_ws/install/smart_factory_task_server/bin'
[1.809s] Level 1:colcon.colcon_core.environment:checking '/home/nick/smart_factory_ws/install/smart_factory_task_server/lib/pkgconfig/smart_factory_task_server.pc'
[1.810s] Level 1:colcon.colcon_core.environment:checking '/home/nick/smart_factory_ws/install/smart_factory_task_server/lib/python3.10/site-packages'
[1.810s] Level 1:colcon.colcon_core.shell:create_environment_hook('smart_factory_task_server', 'pythonpath')
[1.810s] INFO:colcon.colcon_core.shell:Creating environment hook '/home/nick/smart_factory_ws/install/smart_factory_task_server/share/smart_factory_task_server/hook/pythonpath.ps1'
[1.810s] INFO:colcon.colcon_core.shell:Creating environment descriptor '/home/nick/smart_factory_ws/install/smart_factory_task_server/share/smart_factory_task_server/hook/pythonpath.dsv'
[1.810s] INFO:colcon.colcon_core.shell:Creating environment hook '/home/nick/smart_factory_ws/install/smart_factory_task_server/share/smart_factory_task_server/hook/pythonpath.sh'
[1.811s] Level 1:colcon.colcon_core.environment:checking '/home/nick/smart_factory_ws/install/smart_factory_task_server/bin'
[1.811s] Level 1:colcon.colcon_core.environment:create_environment_scripts_only(smart_factory_task_server)
[1.811s] INFO:colcon.colcon_core.shell:Creating package script '/home/nick/smart_factory_ws/install/smart_factory_task_server/share/smart_factory_task_server/package.ps1'
[1.812s] INFO:colcon.colcon_core.shell:Creating package descriptor '/home/nick/smart_factory_ws/install/smart_factory_task_server/share/smart_factory_task_server/package.dsv'
[1.812s] INFO:colcon.colcon_core.shell:Creating package script '/home/nick/smart_factory_ws/install/smart_factory_task_server/share/smart_factory_task_server/package.sh'
[1.813s] INFO:colcon.colcon_core.shell:Creating package script '/home/nick/smart_factory_ws/install/smart_factory_task_server/share/smart_factory_task_server/package.bash'
[1.813s] INFO:colcon.colcon_core.shell:Creating package script '/home/nick/smart_factory_ws/install/smart_factory_task_server/share/smart_factory_task_server/package.zsh'
[1.814s] Level 1:colcon.colcon_core.environment:create_file_with_runtime_dependencies(/home/nick/smart_factory_ws/install/smart_factory_task_server/share/colcon-core/packages/smart_factory_task_server)
[1.814s] DEBUG:colcon.colcon_parallel_executor.executor.parallel:closing loop
[1.814s] DEBUG:colcon.colcon_parallel_executor.executor.parallel:loop closed
[1.814s] DEBUG:colcon.colcon_parallel_executor.executor.parallel:run_until_complete finished with '0'
[1.814s] DEBUG:colcon.colcon_core.event_reactor:joining thread
[1.819s] INFO:colcon.colcon_core.plugin_system:Skipping extension 'colcon_notification.desktop_notification.terminal_notifier': Not used on non-Darwin systems
[1.819s] INFO:colcon.colcon_core.plugin_system:Skipping extension 'colcon_notification.desktop_notification.win32': Not used on non-Windows systems
[1.820s] INFO:colcon.colcon_notification.desktop_notification:Sending desktop notification using 'notify2'
[1.830s] DEBUG:colcon.colcon_core.event_reactor:joined thread
[1.831s] INFO:colcon.colcon_core.shell:Creating prefix script '/home/nick/smart_factory_ws/install/local_setup.ps1'
[1.832s] INFO:colcon.colcon_core.shell:Creating prefix util module '/home/nick/smart_factory_ws/install/_local_setup_util_ps1.py'
[1.833s] INFO:colcon.colcon_core.shell:Creating prefix chain script '/home/nick/smart_factory_ws/install/setup.ps1'
[1.834s] INFO:colcon.colcon_core.shell:Creating prefix script '/home/nick/smart_factory_ws/install/local_setup.sh'
[1.835s] INFO:colcon.colcon_core.shell:Creating prefix util module '/home/nick/smart_factory_ws/install/_local_setup_util_sh.py'
[1.835s] INFO:colcon.colcon_core.shell:Creating prefix chain script '/home/nick/smart_factory_ws/install/setup.sh'
[1.837s] INFO:colcon.colcon_core.shell:Creating prefix script '/home/nick/smart_factory_ws/install/local_setup.bash'
[1.837s] INFO:colcon.colcon_core.shell:Creating prefix chain script '/home/nick/smart_factory_ws/install/setup.bash'
[1.838s] INFO:colcon.colcon_core.shell:Creating prefix script '/home/nick/smart_factory_ws/install/local_setup.zsh'
[1.839s] INFO:colcon.colcon_core.shell:Creating prefix chain script '/home/nick/smart_factory_ws/install/setup.zsh'
