[0.100s] DEBUG:colcon:Command line arguments: ['/usr/bin/colcon', 'list', '-p', '--base-paths', '/home/nick/smart_factory_ws']
[0.100s] DEBUG:colcon:Parsed command line arguments: Namespace(log_base=None, log_level=None, verb_name='list', build_base='build', ignore_user_meta=False, metas=['./colcon.meta'], base_paths=['/home/nick/smart_factory_ws'], packages_ignore=None, packages_ignore_regex=None, paths=None, packages_up_to=None, packages_up_to_regex=None, packages_above=None, packages_above_and_dependencies=None, packages_above_depth=None, packages_select_by_dep=None, packages_skip_by_dep=None, packages_skip_up_to=None, packages_select_build_failed=False, packages_skip_build_finished=False, packages_select_test_failures=False, packages_skip_test_passed=False, packages_select=None, packages_skip=None, packages_select_regex=None, packages_skip_regex=None, packages_start=None, packages_end=None, allow_overriding=[], topological_order=False, names_only=False, paths_only=True, topological_graph=False, topological_graph_dot=False, topological_graph_density=False, topological_graph_legend=False, topological_graph_dot_cluster=False, topological_graph_dot_include_skipped=False, mixin_files=None, mixin=None, verb_parser=<colcon_mixin.mixin.mixin_argument.MixinArgumentDecorator object at 0x7e26e8c6f790>, verb_extension=<colcon_package_information.verb.list.ListVerb object at 0x7e26e8c6e7d0>, main=<bound method ListVerb.main of <colcon_package_information.verb.list.ListVerb object at 0x7e26e8c6e7d0>>, mixin_verb=('list',))
[0.314s] Level 1:colcon.colcon_core.package_discovery:discover_packages(colcon_meta) check parameters
[0.314s] Level 1:colcon.colcon_core.package_discovery:discover_packages(recursive) check parameters
[0.314s] Level 1:colcon.colcon_core.package_discovery:discover_packages(ignore) check parameters
[0.314s] Level 1:colcon.colcon_core.package_discovery:discover_packages(path) check parameters
[0.314s] Level 1:colcon.colcon_core.package_discovery:discover_packages(recursive) discover
[0.314s] INFO:colcon.colcon_core.package_discovery:Crawling recursively for packages in '/home/nick/smart_factory_ws'
[0.314s] Level 1:colcon.colcon_core.package_identification:_identify(/home/nick/smart_factory_ws) by extensions ['ignore', 'ignore_ament_install']
[0.315s] Level 1:colcon.colcon_core.package_identification:_identify(/home/nick/smart_factory_ws) by extension 'ignore'
[0.315s] Level 1:colcon.colcon_core.package_identification:_identify(/home/nick/smart_factory_ws) by extension 'ignore_ament_install'
[0.315s] Level 1:colcon.colcon_core.package_identification:_identify(/home/nick/smart_factory_ws) by extensions ['colcon_pkg']
[0.315s] Level 1:colcon.colcon_core.package_identification:_identify(/home/nick/smart_factory_ws) by extension 'colcon_pkg'
[0.315s] Level 1:colcon.colcon_core.package_identification:_identify(/home/nick/smart_factory_ws) by extensions ['colcon_meta']
[0.315s] Level 1:colcon.colcon_core.package_identification:_identify(/home/nick/smart_factory_ws) by extension 'colcon_meta'
[0.315s] Level 1:colcon.colcon_core.package_identification:_identify(/home/nick/smart_factory_ws) by extensions ['ros']
[0.315s] Level 1:colcon.colcon_core.package_identification:_identify(/home/nick/smart_factory_ws) by extension 'ros'
[0.329s] Level 1:colcon.colcon_core.package_identification:_identify(/home/nick/smart_factory_ws) by extensions ['cmake', 'python']
[0.329s] Level 1:colcon.colcon_core.package_identification:_identify(/home/nick/smart_factory_ws) by extension 'cmake'
[0.329s] Level 1:colcon.colcon_core.package_identification:_identify(/home/nick/smart_factory_ws) by extension 'python'
[0.329s] Level 1:colcon.colcon_core.package_identification:_identify(/home/nick/smart_factory_ws) by extensions ['python_setup_py']
[0.329s] Level 1:colcon.colcon_core.package_identification:_identify(/home/nick/smart_factory_ws) by extension 'python_setup_py'
[0.329s] Level 1:colcon.colcon_core.package_identification:_identify(/home/nick/smart_factory_ws/build) by extensions ['ignore', 'ignore_ament_install']
[0.330s] Level 1:colcon.colcon_core.package_identification:_identify(/home/nick/smart_factory_ws/build) by extension 'ignore'
[0.330s] Level 1:colcon.colcon_core.package_identification:_identify(/home/nick/smart_factory_ws/build) ignored
[0.330s] Level 1:colcon.colcon_core.package_identification:_identify(/home/nick/smart_factory_ws/install) by extensions ['ignore', 'ignore_ament_install']
[0.330s] Level 1:colcon.colcon_core.package_identification:_identify(/home/nick/smart_factory_ws/install) by extension 'ignore'
[0.330s] Level 1:colcon.colcon_core.package_identification:_identify(/home/nick/smart_factory_ws/install) ignored
[0.330s] Level 1:colcon.colcon_core.package_identification:_identify(/home/nick/smart_factory_ws/log) by extensions ['ignore', 'ignore_ament_install']
[0.330s] Level 1:colcon.colcon_core.package_identification:_identify(/home/nick/smart_factory_ws/log) by extension 'ignore'
[0.330s] Level 1:colcon.colcon_core.package_identification:_identify(/home/nick/smart_factory_ws/log) ignored
[0.330s] Level 1:colcon.colcon_core.package_identification:_identify(/home/nick/smart_factory_ws/src) by extensions ['ignore', 'ignore_ament_install']
[0.330s] Level 1:colcon.colcon_core.package_identification:_identify(/home/nick/smart_factory_ws/src) by extension 'ignore'
[0.330s] Level 1:colcon.colcon_core.package_identification:_identify(/home/nick/smart_factory_ws/src) by extension 'ignore_ament_install'
[0.331s] Level 1:colcon.colcon_core.package_identification:_identify(/home/nick/smart_factory_ws/src) by extensions ['colcon_pkg']
[0.331s] Level 1:colcon.colcon_core.package_identification:_identify(/home/nick/smart_factory_ws/src) by extension 'colcon_pkg'
[0.331s] Level 1:colcon.colcon_core.package_identification:_identify(/home/nick/smart_factory_ws/src) by extensions ['colcon_meta']
[0.331s] Level 1:colcon.colcon_core.package_identification:_identify(/home/nick/smart_factory_ws/src) by extension 'colcon_meta'
[0.331s] Level 1:colcon.colcon_core.package_identification:_identify(/home/nick/smart_factory_ws/src) by extensions ['ros']
[0.331s] Level 1:colcon.colcon_core.package_identification:_identify(/home/nick/smart_factory_ws/src) by extension 'ros'
[0.331s] Level 1:colcon.colcon_core.package_identification:_identify(/home/nick/smart_factory_ws/src) by extensions ['cmake', 'python']
[0.331s] Level 1:colcon.colcon_core.package_identification:_identify(/home/nick/smart_factory_ws/src) by extension 'cmake'
[0.331s] Level 1:colcon.colcon_core.package_identification:_identify(/home/nick/smart_factory_ws/src) by extension 'python'
[0.331s] Level 1:colcon.colcon_core.package_identification:_identify(/home/nick/smart_factory_ws/src) by extensions ['python_setup_py']
[0.331s] Level 1:colcon.colcon_core.package_identification:_identify(/home/nick/smart_factory_ws/src) by extension 'python_setup_py'
[0.331s] Level 1:colcon.colcon_core.package_identification:_identify(/home/nick/smart_factory_ws/src/smart_factory_bringup) by extensions ['ignore', 'ignore_ament_install']
[0.331s] Level 1:colcon.colcon_core.package_identification:_identify(/home/nick/smart_factory_ws/src/smart_factory_bringup) by extension 'ignore'
[0.331s] Level 1:colcon.colcon_core.package_identification:_identify(/home/nick/smart_factory_ws/src/smart_factory_bringup) by extension 'ignore_ament_install'
[0.331s] Level 1:colcon.colcon_core.package_identification:_identify(/home/nick/smart_factory_ws/src/smart_factory_bringup) by extensions ['colcon_pkg']
[0.331s] Level 1:colcon.colcon_core.package_identification:_identify(/home/nick/smart_factory_ws/src/smart_factory_bringup) by extension 'colcon_pkg'
[0.331s] Level 1:colcon.colcon_core.package_identification:_identify(/home/nick/smart_factory_ws/src/smart_factory_bringup) by extensions ['colcon_meta']
[0.331s] Level 1:colcon.colcon_core.package_identification:_identify(/home/nick/smart_factory_ws/src/smart_factory_bringup) by extension 'colcon_meta'
[0.331s] Level 1:colcon.colcon_core.package_identification:_identify(/home/nick/smart_factory_ws/src/smart_factory_bringup) by extensions ['ros']
[0.331s] Level 1:colcon.colcon_core.package_identification:_identify(/home/nick/smart_factory_ws/src/smart_factory_bringup) by extension 'ros'
[0.334s] DEBUG:colcon.colcon_core.package_identification:Package '/home/nick/smart_factory_ws/src/smart_factory_bringup' with type 'ros.ament_python' and name 'smart_factory_bringup'
[0.334s] Level 1:colcon.colcon_core.package_identification:_identify(/home/nick/smart_factory_ws/src/smart_factory_fleet_msgs) by extensions ['ignore', 'ignore_ament_install']
[0.334s] Level 1:colcon.colcon_core.package_identification:_identify(/home/nick/smart_factory_ws/src/smart_factory_fleet_msgs) by extension 'ignore'
[0.335s] Level 1:colcon.colcon_core.package_identification:_identify(/home/nick/smart_factory_ws/src/smart_factory_fleet_msgs) by extension 'ignore_ament_install'
[0.335s] Level 1:colcon.colcon_core.package_identification:_identify(/home/nick/smart_factory_ws/src/smart_factory_fleet_msgs) by extensions ['colcon_pkg']
[0.335s] Level 1:colcon.colcon_core.package_identification:_identify(/home/nick/smart_factory_ws/src/smart_factory_fleet_msgs) by extension 'colcon_pkg'
[0.335s] Level 1:colcon.colcon_core.package_identification:_identify(/home/nick/smart_factory_ws/src/smart_factory_fleet_msgs) by extensions ['colcon_meta']
[0.335s] Level 1:colcon.colcon_core.package_identification:_identify(/home/nick/smart_factory_ws/src/smart_factory_fleet_msgs) by extension 'colcon_meta'
[0.335s] Level 1:colcon.colcon_core.package_identification:_identify(/home/nick/smart_factory_ws/src/smart_factory_fleet_msgs) by extensions ['ros']
[0.335s] Level 1:colcon.colcon_core.package_identification:_identify(/home/nick/smart_factory_ws/src/smart_factory_fleet_msgs) by extension 'ros'
[0.336s] DEBUG:colcon.colcon_core.package_identification:Package '/home/nick/smart_factory_ws/src/smart_factory_fleet_msgs' with type 'ros.ament_cmake' and name 'smart_factory_fleet_msgs'
[0.336s] Level 1:colcon.colcon_core.package_identification:_identify(/home/nick/smart_factory_ws/src/smart_factory_task_server) by extensions ['ignore', 'ignore_ament_install']
[0.336s] Level 1:colcon.colcon_core.package_identification:_identify(/home/nick/smart_factory_ws/src/smart_factory_task_server) by extension 'ignore'
[0.336s] Level 1:colcon.colcon_core.package_identification:_identify(/home/nick/smart_factory_ws/src/smart_factory_task_server) by extension 'ignore_ament_install'
[0.336s] Level 1:colcon.colcon_core.package_identification:_identify(/home/nick/smart_factory_ws/src/smart_factory_task_server) by extensions ['colcon_pkg']
[0.336s] Level 1:colcon.colcon_core.package_identification:_identify(/home/nick/smart_factory_ws/src/smart_factory_task_server) by extension 'colcon_pkg'
[0.336s] Level 1:colcon.colcon_core.package_identification:_identify(/home/nick/smart_factory_ws/src/smart_factory_task_server) by extensions ['colcon_meta']
[0.336s] Level 1:colcon.colcon_core.package_identification:_identify(/home/nick/smart_factory_ws/src/smart_factory_task_server) by extension 'colcon_meta'
[0.336s] Level 1:colcon.colcon_core.package_identification:_identify(/home/nick/smart_factory_ws/src/smart_factory_task_server) by extensions ['ros']
[0.336s] Level 1:colcon.colcon_core.package_identification:_identify(/home/nick/smart_factory_ws/src/smart_factory_task_server) by extension 'ros'
[0.338s] DEBUG:colcon.colcon_core.package_identification:Package '/home/nick/smart_factory_ws/src/smart_factory_task_server' with type 'ros.ament_python' and name 'smart_factory_task_server'
[0.338s] Level 1:colcon.colcon_core.package_identification:_identify(/home/nick/smart_factory_ws/src/smart_factory_ui) by extensions ['ignore', 'ignore_ament_install']
[0.338s] Level 1:colcon.colcon_core.package_identification:_identify(/home/nick/smart_factory_ws/src/smart_factory_ui) by extension 'ignore'
[0.338s] Level 1:colcon.colcon_core.package_identification:_identify(/home/nick/smart_factory_ws/src/smart_factory_ui) by extension 'ignore_ament_install'
[0.338s] Level 1:colcon.colcon_core.package_identification:_identify(/home/nick/smart_factory_ws/src/smart_factory_ui) by extensions ['colcon_pkg']
[0.338s] Level 1:colcon.colcon_core.package_identification:_identify(/home/nick/smart_factory_ws/src/smart_factory_ui) by extension 'colcon_pkg'
[0.338s] Level 1:colcon.colcon_core.package_identification:_identify(/home/nick/smart_factory_ws/src/smart_factory_ui) by extensions ['colcon_meta']
[0.338s] Level 1:colcon.colcon_core.package_identification:_identify(/home/nick/smart_factory_ws/src/smart_factory_ui) by extension 'colcon_meta'
[0.338s] Level 1:colcon.colcon_core.package_identification:_identify(/home/nick/smart_factory_ws/src/smart_factory_ui) by extensions ['ros']
[0.338s] Level 1:colcon.colcon_core.package_identification:_identify(/home/nick/smart_factory_ws/src/smart_factory_ui) by extension 'ros'
[0.339s] DEBUG:colcon.colcon_core.package_identification:Package '/home/nick/smart_factory_ws/src/smart_factory_ui' with type 'ros.ament_python' and name 'smart_factory_ui'
[0.339s] Level 1:colcon.colcon_core.package_discovery:discover_packages(recursive) using defaults
