-- The C compiler identification is GNU 11.4.0
-- The CXX compiler identification is GNU 11.4.0
-- Detecting C compiler ABI info
-- Detecting C compiler ABI info - done
-- Check for working C compiler: /usr/bin/cc - skipped
-- Detecting C compile features
-- Detecting C compile features - done
-- Detecting CXX compiler ABI info
-- Detecting CXX compiler ABI info - done
-- Check for working CXX compiler: /usr/bin/c++ - skipped
-- Detecting CXX compile features
-- Detecting CXX compile features - done
-- Found ament_cmake: 1.3.11 (/opt/ros/humble/share/ament_cmake/cmake)
-- Found Python3: /usr/bin/python3 (found version "3.10.12") found components: Interpreter 
-- Override CMake install command with custom implementation using symlinks instead of copying resources
-- Found ament_lint_auto: 0.12.11 (/opt/ros/humble/share/ament_lint_auto/cmake)
-- Added test 'lint_cmake' to check CMake code style
-- Added test 'xmllint' to check XML markup files
-- Configuring done
-- Generating done
-- Build files have been written to: /home/nick/smart_factory_ws/build/smart_factory_fleet_msgs
-- Install configuration: ""
-- Execute custom install script
-- Symlinking: /home/nick/smart_factory_ws/install/smart_factory_fleet_msgs/share/ament_index/resource_index/package_run_dependencies/smart_factory_fleet_msgs
-- Symlinking: /home/nick/smart_factory_ws/install/smart_factory_fleet_msgs/share/ament_index/resource_index/parent_prefix_path/smart_factory_fleet_msgs
-- Symlinking: /home/nick/smart_factory_ws/install/smart_factory_fleet_msgs/share/smart_factory_fleet_msgs/environment/ament_prefix_path.sh
-- Symlinking: /home/nick/smart_factory_ws/install/smart_factory_fleet_msgs/share/smart_factory_fleet_msgs/environment/ament_prefix_path.dsv
-- Symlinking: /home/nick/smart_factory_ws/install/smart_factory_fleet_msgs/share/smart_factory_fleet_msgs/environment/path.sh
-- Symlinking: /home/nick/smart_factory_ws/install/smart_factory_fleet_msgs/share/smart_factory_fleet_msgs/environment/path.dsv
-- Symlinking: /home/nick/smart_factory_ws/install/smart_factory_fleet_msgs/share/smart_factory_fleet_msgs/local_setup.bash
-- Symlinking: /home/nick/smart_factory_ws/install/smart_factory_fleet_msgs/share/smart_factory_fleet_msgs/local_setup.sh
-- Symlinking: /home/nick/smart_factory_ws/install/smart_factory_fleet_msgs/share/smart_factory_fleet_msgs/local_setup.zsh
-- Symlinking: /home/nick/smart_factory_ws/install/smart_factory_fleet_msgs/share/smart_factory_fleet_msgs/local_setup.dsv
-- Symlinking: /home/nick/smart_factory_ws/install/smart_factory_fleet_msgs/share/smart_factory_fleet_msgs/package.dsv
-- Symlinking: /home/nick/smart_factory_ws/install/smart_factory_fleet_msgs/share/ament_index/resource_index/packages/smart_factory_fleet_msgs
-- Symlinking: /home/nick/smart_factory_ws/install/smart_factory_fleet_msgs/share/smart_factory_fleet_msgs/cmake/smart_factory_fleet_msgsConfig.cmake
-- Symlinking: /home/nick/smart_factory_ws/install/smart_factory_fleet_msgs/share/smart_factory_fleet_msgs/cmake/smart_factory_fleet_msgsConfig-version.cmake
-- Symlinking: /home/nick/smart_factory_ws/install/smart_factory_fleet_msgs/share/smart_factory_fleet_msgs/package.xml
