[0.223s] Invoking command in '/home/nick/smart_factory_ws/build/smart_factory_fleet_msgs': CMAKE_PREFIX_PATH=${CMAKE_PREFIX_PATH}:/opt/ros/humble /usr/bin/cmake /home/nick/smart_factory_ws/src/smart_factory_fleet_msgs -DAMENT_CMAKE_SYMLINK_INSTALL=1 -DCMAKE_INSTALL_PREFIX=/home/nick/smart_factory_ws/install/smart_factory_fleet_msgs
[0.429s] -- The C compiler identification is GNU 11.4.0
[0.530s] -- The CXX compiler identification is GNU 11.4.0
[0.543s] -- Detecting C compiler ABI info
[0.615s] -- Detecting C compiler ABI info - done
[0.620s] -- Check for working C compiler: /usr/bin/cc - skipped
[0.621s] -- Detecting C compile features
[0.622s] -- Detecting C compile features - done
[0.626s] -- Detecting CXX compiler ABI info
[0.706s] -- Detecting CXX compiler ABI info - done
[0.712s] -- Check for working CXX compiler: /usr/bin/c++ - skipped
[0.712s] -- Detecting CXX compile features
[0.712s] -- Detecting CXX compile features - done
[0.727s] -- Found ament_cmake: 1.3.11 (/opt/ros/humble/share/ament_cmake/cmake)
[0.859s] -- Found Python3: /usr/bin/python3 (found version "3.10.12") found components: Interpreter 
[0.925s] -- Override CMake install command with custom implementation using symlinks instead of copying resources
[0.993s] -- Found ament_lint_auto: 0.12.11 (/opt/ros/humble/share/ament_lint_auto/cmake)
[1.077s] -- Added test 'lint_cmake' to check CMake code style
[1.079s] -- Added test 'xmllint' to check XML markup files
[1.081s] -- Configuring done
[1.084s] -- Generating done
[1.086s] -- Build files have been written to: /home/nick/smart_factory_ws/build/smart_factory_fleet_msgs
[1.090s] Invoked command in '/home/nick/smart_factory_ws/build/smart_factory_fleet_msgs' returned '0': CMAKE_PREFIX_PATH=${CMAKE_PREFIX_PATH}:/opt/ros/humble /usr/bin/cmake /home/nick/smart_factory_ws/src/smart_factory_fleet_msgs -DAMENT_CMAKE_SYMLINK_INSTALL=1 -DCMAKE_INSTALL_PREFIX=/home/nick/smart_factory_ws/install/smart_factory_fleet_msgs
[1.092s] Invoking command in '/home/nick/smart_factory_ws/build/smart_factory_fleet_msgs': CMAKE_PREFIX_PATH=${CMAKE_PREFIX_PATH}:/opt/ros/humble /usr/bin/cmake --build /home/nick/smart_factory_ws/build/smart_factory_fleet_msgs -- -j12 -l12
[1.133s] Invoked command in '/home/nick/smart_factory_ws/build/smart_factory_fleet_msgs' returned '0': CMAKE_PREFIX_PATH=${CMAKE_PREFIX_PATH}:/opt/ros/humble /usr/bin/cmake --build /home/nick/smart_factory_ws/build/smart_factory_fleet_msgs -- -j12 -l12
[1.145s] Invoking command in '/home/nick/smart_factory_ws/build/smart_factory_fleet_msgs': CMAKE_PREFIX_PATH=${CMAKE_PREFIX_PATH}:/opt/ros/humble /usr/bin/cmake --install /home/nick/smart_factory_ws/build/smart_factory_fleet_msgs
[1.153s] -- Install configuration: ""
[1.153s] -- Execute custom install script
[1.153s] -- Symlinking: /home/nick/smart_factory_ws/install/smart_factory_fleet_msgs/share/ament_index/resource_index/package_run_dependencies/smart_factory_fleet_msgs
[1.162s] -- Symlinking: /home/nick/smart_factory_ws/install/smart_factory_fleet_msgs/share/ament_index/resource_index/parent_prefix_path/smart_factory_fleet_msgs
[1.172s] -- Symlinking: /home/nick/smart_factory_ws/install/smart_factory_fleet_msgs/share/smart_factory_fleet_msgs/environment/ament_prefix_path.sh
[1.181s] -- Symlinking: /home/nick/smart_factory_ws/install/smart_factory_fleet_msgs/share/smart_factory_fleet_msgs/environment/ament_prefix_path.dsv
[1.189s] -- Symlinking: /home/nick/smart_factory_ws/install/smart_factory_fleet_msgs/share/smart_factory_fleet_msgs/environment/path.sh
[1.198s] -- Symlinking: /home/nick/smart_factory_ws/install/smart_factory_fleet_msgs/share/smart_factory_fleet_msgs/environment/path.dsv
[1.208s] -- Symlinking: /home/nick/smart_factory_ws/install/smart_factory_fleet_msgs/share/smart_factory_fleet_msgs/local_setup.bash
[1.217s] -- Symlinking: /home/nick/smart_factory_ws/install/smart_factory_fleet_msgs/share/smart_factory_fleet_msgs/local_setup.sh
[1.227s] -- Symlinking: /home/nick/smart_factory_ws/install/smart_factory_fleet_msgs/share/smart_factory_fleet_msgs/local_setup.zsh
[1.236s] -- Symlinking: /home/nick/smart_factory_ws/install/smart_factory_fleet_msgs/share/smart_factory_fleet_msgs/local_setup.dsv
[1.245s] -- Symlinking: /home/nick/smart_factory_ws/install/smart_factory_fleet_msgs/share/smart_factory_fleet_msgs/package.dsv
[1.253s] -- Symlinking: /home/nick/smart_factory_ws/install/smart_factory_fleet_msgs/share/ament_index/resource_index/packages/smart_factory_fleet_msgs
[1.262s] -- Symlinking: /home/nick/smart_factory_ws/install/smart_factory_fleet_msgs/share/smart_factory_fleet_msgs/cmake/smart_factory_fleet_msgsConfig.cmake
[1.270s] -- Symlinking: /home/nick/smart_factory_ws/install/smart_factory_fleet_msgs/share/smart_factory_fleet_msgs/cmake/smart_factory_fleet_msgsConfig-version.cmake
[1.279s] -- Symlinking: /home/nick/smart_factory_ws/install/smart_factory_fleet_msgs/share/smart_factory_fleet_msgs/package.xml
[1.289s] Invoked command in '/home/nick/smart_factory_ws/build/smart_factory_fleet_msgs' returned '0': CMAKE_PREFIX_PATH=${CMAKE_PREFIX_PATH}:/opt/ros/humble /usr/bin/cmake --install /home/nick/smart_factory_ws/build/smart_factory_fleet_msgs
